Objects/pc/df/mesh/dfdf_c001_body.cgf
Objects/pc/df/mesh/dfdf_c001_body_lod1.cgf
Objects/pc/df/mesh/dfdf_c001_body_lod2.cgf
Objects/pc/df/mesh/dfdf_c001_foot.cgf
Objects/pc/df/mesh/dfdf_c001_foot_lod1.cgf
Objects/pc/df/mesh/dfdf_c001_foot_lod2.cgf
Objects/pc/df/mesh/dfdf_c001_footshort.cgf
Objects/pc/df/mesh/dfdf_c001_footshort_lod1.cgf
Objects/pc/df/mesh/dfdf_c001_footshort_lod2.cgf
Objects/pc/df/mesh/dfdf_c001_hand.cgf
Objects/pc/df/mesh/dfdf_c001_hand_lod1.cgf
Objects/pc/df/mesh/dfdf_c001_hand_lod2.cgf
Objects/pc/df/mesh/dfdf_c001_handshort.cgf
Objects/pc/df/mesh/dfdf_c001_handshort_lod1.cgf
Objects/pc/df/mesh/dfdf_c001_handshort_lod2.cgf
Objects/pc/df/mesh/dfdf_c001_leg.cgf
Objects/pc/df/mesh/dfdf_c001_leg_lod1.cgf
Objects/pc/df/mesh/dfdf_c001_leg_lod2.cgf
Objects/pc/lf/mesh/dfch_v002_body_cloth_bip01 spine_lod1.cgf
Objects/pc/lf/mesh/dfch_v002_body_lod1.cgf
Objects/pc/lf/mesh/dfch_v002_foot_lod1.cgf
Objects/pc/lf/mesh/dfch_v002_hand_lod1.cgf
Objects/pc/lf/mesh/dfch_v002_leg_lod1.cgf
Objects/pc/lf/mesh/dfch_v002_shoulder_lod2.cgf
Objects/pc/lf/mesh/lfdf_c001_body.cgf
Objects/pc/lf/mesh/lfdf_c001_body_lod1.cgf
Objects/pc/lf/mesh/lfdf_c001_body_lod2.cgf
Objects/pc/lf/mesh/lfdf_c001_foot.cgf
Objects/pc/lf/mesh/lfdf_c001_foot_lod1.cgf
Objects/pc/lf/mesh/lfdf_c001_foot_lod2.cgf
Objects/pc/lf/mesh/lfdf_c001_footshort.cgf
Objects/pc/lf/mesh/lfdf_c001_footshort_lod1.cgf
Objects/pc/lf/mesh/lfdf_c001_footshort_lod2.cgf
Objects/pc/lf/mesh/lfdf_c001_hand.cgf
Objects/pc/lf/mesh/lfdf_c001_hand_lod1.cgf
Objects/pc/lf/mesh/lfdf_c001_hand_lod2.cgf
Objects/pc/lf/mesh/lfdf_c001_handshort.cgf
Objects/pc/lf/mesh/lfdf_c001_handshort_lod1.cgf
Objects/pc/lf/mesh/lfdf_c001_handshort_lod2.cgf
Objects/pc/lf/mesh/lfdf_c001_leg.cgf
Objects/pc/lf/mesh/lfdf_c001_leg_lod1.cgf
Objects/pc/lf/mesh/lfdf_c001_leg_lod2.cgf
Objects/pc/lm/mesh/lmdf_c001_body.cgf
Objects/pc/lm/mesh/lmdf_c001_body_lod1.cgf
Objects/pc/lm/mesh/lmdf_c001_body_lod2.cgf
Objects/pc/lm/mesh/lmdf_c001_foot.cgf
Objects/pc/lm/mesh/lmdf_c001_foot_lod1.cgf
Objects/pc/lm/mesh/lmdf_c001_foot_lod2.cgf
Objects/pc/lm/mesh/lmdf_c001_footshort.cgf
Objects/pc/lm/mesh/lmdf_c001_footshort_lod1.cgf
Objects/pc/lm/mesh/lmdf_c001_footshort_lod2.cgf
Objects/pc/lm/mesh/lmdf_c001_hand.cgf
Objects/pc/lm/mesh/lmdf_c001_hand_lod1.cgf
Objects/pc/lm/mesh/lmdf_c001_hand_lod2.cgf
Objects/pc/lm/mesh/lmdf_c001_handshort.cgf
Objects/pc/lm/mesh/lmdf_c001_handshort_lod1.cgf
Objects/pc/lm/mesh/lmdf_c001_handshort_lod2.cgf
Objects/pc/lm/mesh/lmdf_c001_leg.cgf
Objects/pc/lm/mesh/lmdf_c001_leg_lod1.cgf
Objects/pc/lm/mesh/lmdf_c001_leg_lod2.cgf
Objects/pc/lm/mesh/lmdf_c001_soul_handshort.cgf
Objects/pc/dm/mesh/dmdf_c001_body.cgf
Objects/pc/dm/mesh/dmdf_c001_body_lod1.cgf
Objects/pc/dm/mesh/dmdf_c001_body_lod2.cgf
Objects/pc/dm/mesh/dmdf_c001_foot.cgf
Objects/pc/dm/mesh/dmdf_c001_foot_lod1.cgf
Objects/pc/dm/mesh/dmdf_c001_foot_lod2.cgf
Objects/pc/dm/mesh/dmdf_c001_footshort.cgf
Objects/pc/dm/mesh/dmdf_c001_footshort_lod1.cgf
Objects/pc/dm/mesh/dmdf_c001_footshort_lod2.cgf
Objects/pc/dm/mesh/dmdf_c001_hand.cgf
Objects/pc/dm/mesh/dmdf_c001_hand_lod1.cgf
Objects/pc/dm/mesh/dmdf_c001_hand_lod2.cgf
Objects/pc/dm/mesh/dmdf_c001_handshort.cgf
Objects/pc/dm/mesh/dmdf_c001_handshort_lod1.cgf
Objects/pc/dm/mesh/dmdf_c001_handshort_lod2.cgf
Objects/pc/dm/mesh/dmdf_c001_leg.cgf
Objects/pc/dm/mesh/dmdf_c001_leg_lod1.cgf
Objects/pc/dm/mesh/dmdf_c001_leg_lod2.cgf
