Levels/common/collision_wall/walk_obstacle4_100m.cgf
Levels/common/dark/natural/etc/na_d_bokstree_ type1_01a.cgf
Levels/common/dark/natural/etc/na_d_bokstree_ type1_02b.cgf
Levels/common/dark/natural/etc/na_d_bokstree_ type1_04d.cgf
Levels/common/dark/natural/etc/na_d_bokstree_ type1_05e.cgf
Levels/common/dark/natural/etc/na_d_bokstree_ type2_02b.cgf
Levels/common/dark/natural/etc/na_d_bokstree_ type2_04d.cgf
Levels/common/dark/natural/etc/na_d_bokstree_ type2_06f.cgf
Levels/common/dark/natural/etc/na_d_crystal mine ent_01a.cgf
Levels/common/dark/natural/etc/na_d_crystal mine ent_08h.cgf
Levels/common/dark/natural/etc/na_d_icestar_01a.cgf
Levels/common/dark/natural/plants/crop/na_d_pumpkin_01a.cgf
Levels/common/dark/natural/plants/crop/na_d_pumpkin_03c.cgf
Levels/common/dark/natural/plants/etc/na_d_crefyplants_01a.cgf
Levels/common/Dark/Natural/Plants/etc/na_d_crefyplants_02b.cgf
Levels/common/dark/natural/plants/etc/na_d_crefyplants_03c.cgf
Levels/common/dark/natural/plants/etc/na_d_gourdlotus_01a.cgf
Levels/common/dark/natural/plants/etc/na_d_gourdlotus_02b.cgf
Levels/common/dark/natural/plants/etc/na_d_gourdlotus_03c.cgf
Levels/common/dark/natural/plants/grass/na_d_shrub_03c.cgf
Levels/common/dark/natural/rocks/base/na_d_rockgngrass_01a.cgf
Levels/common/dark/natural/rocks/base/na_d_rockgngrass_02a.cgf
Levels/common/dark/natural/rocks/base/na_d_rockgngrass_04a.cgf
Levels/common/dark/natural/rocks/base/na_d_rockgngrass_05a.cgf
Levels/common/dark/natural/rocks/base/na_d_rockgngrass_06a.cgf
Levels/common/dark/natural/rocks/base/na_d_rockgngrass_07a.cgf
Levels/common/dark/natural/rocks/base/na_d_rockgngrass_08a.cgf
Levels/common/dark/natural/rocks/base/na_d_rockgngrass_09a.cgf
Levels/common/dark/natural/rocks/base/na_d_rockgngrass_10a.cgf
Levels/common/dark/natural/rocks/base/na_d_rockgngrass_11a.cgf
Levels/common/dark/natural/rocks/base/na_d_rockgngrass_13a.cgf
Levels/common/dark/natural/rocks/base/na_d_rockgngrass_14a.cgf
Levels/common/dark/natural/rocks/base/na_d_rockgngrass_15a.cgf
Levels/common/dark/natural/rocks/base/na_d_rockgngrass_16a.cgf
Levels/common/dark/natural/rocks/base/na_d_rockgngrass_18a.cgf
Levels/common/dark/natural/rocks/base/na_d_rockgngrass_19a.cgf
Levels/common/dark/natural/rocks/base/na_d_rockgngrass_20a.cgf
Levels/common/dark/natural/rocks/base/na_d_rockgngrass_21a.cgf
Levels/common/dark/natural/rocks/base/na_d_rockgngrass_22a.cgf
Levels/common/dark/natural/rocks/etc/na_d_rockb_01a.cgf
Levels/common/dark/natural/rocks/etc/na_d_rockb_02a.cgf
Levels/common/dark/natural/rocks/etc/na_d_rockb_03a.cgf
Levels/common/dark/natural/rocks/etc/na_d_rockbgrass_01a.cgf
Levels/common/dark/natural/rocks/etc/na_d_rockbgrass_01b.cgf
Levels/common/dark/natural/rocks/etc/na_d_rockbgrass_02a.cgf
Levels/common/dark/natural/rocks/etc/na_d_rockbr_01a.cgf
Levels/common/dark/natural/rocks/etc/na_d_rockbr_02a.cgf
Levels/common/dark/natural/rocks/etc/na_d_rockgnbig_01a.cgf
Levels/common/dark/natural/rocks/etc/na_d_rockgnbig_02a.cgf
Levels/common/dark/natural/rocks/etc/na_d_rockgnbig_02a_02n.cgf
Levels/common/dark/natural/rocks/etc/na_d_rockgnbig_03a.cgf
Levels/common/dark/natural/rocks/etc/na_d_rockgnbig_04a.cgf
Levels/common/dark/natural/rocks/etc/na_d_rockgnbig_05a.cgf
Levels/common/dark/natural/rocks/etc/na_d_rockgnbig_05a_02n.cgf
Levels/common/dark/natural/rocks/etc/na_d_rockgnbig_06a.cgf
Levels/common/dark/natural/rocks/etc/na_d_rockgnbig_06a_02n.cgf
Levels/common/dark/natural/rocks/etc/na_d_rockgnbig_07a_02n.cgf
Levels/common/dark/natural/rocks/etc/na_d_rockgnbig_08a_02n.cgf
Levels/common/dark/natural/rocks/etc/na_d_rockgnbig_09a_02n.cgf
Levels/common/dark/natural/rocks/etc/na_d_rockgnbig_10a_02n.cgf
Levels/common/dark/natural/rocks/etc/na_d_rockgnbig_11a_02n.cgf
Levels/common/dark/natural/rocks/etc/na_d_rockgr_01b.cgf
Levels/common/dark/natural/rocks/etc/na_d_rockgr_02b.cgf
Levels/common/dark/natural/rocks/etc/na_d_rockgrbig_01a.cgf
Levels/common/dark/natural/rocks/etc/na_d_rockgrbig_02a.cgf
Levels/common/dark/natural/rocks/etc/na_d_rockgrbig_03a.cgf
Levels/common/dark/natural/rocks/etc/na_d_rockgrbig_04a.cgf
Levels/common/dark/natural/rocks/etc/na_d_rockybig_01b.cgf
Levels/common/dark/natural/rocks/etc/na_d_rockybig_02b.cgf
Levels/common/dark/natural/rocks/etc/na_d_rockybig_03b.cgf
Levels/common/dark/natural/rocks/etc/na_d_rockybig_04b.cgf
Levels/common/dark/natural/trees/dryness/na_d_bictontreew_01a.cgf
Levels/common/dark/natural/trees/dryness/na_d_bictontreew_02b.cgf
Levels/common/dark/natural/trees/dryness/na_d_bictontreew_03c.cgf
Levels/common/dark/natural/trees/dryness/na_d_brokentree_01a.cgf
Levels/common/dark/natural/trees/dryness/na_d_brokentree_02b.cgf
Levels/common/dark/natural/trees/dryness/na_d_brokentree_03c.cgf
Levels/common/dark/natural/trees/dryness/na_d_drysandtree_01a.cgf
Levels/common/dark/natural/trees/dryness/na_d_drysandtree_02b.cgf
Levels/common/dark/natural/trees/dryness/na_d_drysandtree_03c.cgf
Levels/common/dark/natural/trees/dryness/na_d_drytree_02b.cgf
Levels/common/dark/natural/trees/dryness/na_d_drytree_03c.cgf
Levels/common/dark/natural/trees/dryness/na_d_drytree_04d.cgf
Levels/common/dark/natural/trees/dryness/na_d_dtreered_01a.cgf
Levels/common/dark/natural/trees/dryness/na_d_dtreered_02b.cgf
Levels/common/dark/natural/trees/dryness/na_d_dtreered_03c.cgf
Levels/common/dark/natural/trees/dryness/na_d_dtreered_06f.cgf
Levels/common/dark/natural/trees/dryness/na_d_epiphyllum_04d.cgf
Levels/common/dark/natural/trees/dryness/na_D_scotchpine_01a.cgf
Levels/common/dark/natural/trees/dryness/na_D_scotchpine_02b.cgf
Levels/common/dark/natural/trees/dryness/na_D_scotchpine_03c.cgf
Levels/common/dark/natural/trees/dryness/na_D_scotchpine_04d.cgf
Levels/common/dark/natural/trees/etc/na_d_hardsaptree_01a.cgf
Levels/common/dark/natural/trees/etc/na_d_honeycombtree_01a.cgf
Levels/common/dark/natural/trees/etc/na_d_honeycombtree_03c.cgf
Levels/common/dark/natural/trees/etc/na_d_keepinggate_01a.cgf
Levels/common/dark/natural/trees/etc/na_d_keepinggate_02b.cgf
Levels/common/dark/natural/trees/etc/na_d_keepinggate_03c.cgf
Levels/common/dark/natural/trees/etc/na_d_keepinggate_05e.cgf
Levels/common/dark/natural/trees/etc/na_d_keepinggate_06f.cgf
Levels/common/dark/natural/trees/etc/na_d_keepinggate_07g.cgf
Levels/common/dark/natural/trees/etc/na_d_keepinggate_11k.cgf
Levels/common/dark/natural/trees/etc/na_d_keepinggate_13m.cgf
Levels/common/dark/natural/trees/etc/na_d_keepinggate_14n.cgf
Levels/common/dark/natural/trees/etc/na_d_keepinggate_15o.cgf
Levels/common/dark/natural/trees/etc/na_d_keepinggate_17q.cgf
Levels/common/dark/natural/trees/etc/na_d_keepinggate_18r.cgf
Levels/common/dark/natural/trees/etc/na_d_keepinggate_19s.cgf
Levels/common/dark/natural/trees/etc/na_d_keepinggate_20t.cgf
Levels/common/dark/natural/trees/etc/na_d_keepingtree_01a.cgf
Levels/common/dark/natural/trees/etc/na_d_keepingtree_02b.cgf
Levels/common/dark/natural/trees/etc/na_d_keepingtree_03c.cgf
Levels/common/dark/natural/trees/etc/na_d_piecetree_02b.cgf
Levels/common/dark/natural/trees/etc/na_d_piecetree_03c.cgf
Levels/common/dark/natural/trees/etc/na_d_pitiabletree_01a.cgf
Levels/common/dark/natural/trees/etc/na_d_pitiabletree_02b.cgf
Levels/common/dark/natural/trees/etc/na_d_sapbrokentree_02b.cgf
Levels/common/dark/natural/trees/greens/na_d_archaeopteris_01a.cgf
Levels/common/dark/natural/trees/greens/na_d_archaeopteris_02b.cgf
Levels/common/dark/natural/trees/greens/na_d_archaeopteris_03c.cgf
Levels/common/dark/natural/trees/greens/na_d_baobab_03c.cgf
Levels/common/dark/natural/trees/greens/na_d_baobab_04d.cgf
Levels/common/dark/natural/trees/greens/na_d_basetree_01a.cgf
Levels/common/dark/natural/trees/greens/na_d_basetree_02b.cgf
Levels/common/dark/natural/trees/greens/na_d_basetree_04d.cgf
Levels/common/dark/natural/trees/greens/na_d_basetree_05e.cgf
Levels/common/dark/natural/trees/greens/na_d_childtree_05e.cgf
Levels/common/dark/natural/trees/greens/na_d_childtree_09i.cgf
Levels/common/dark/natural/trees/greens/na_d_conifer_01a.cgf
Levels/common/dark/natural/trees/greens/na_d_conifer_02b.cgf
Levels/common/dark/natural/trees/greens/na_d_conifer_03c.cgf
Levels/common/dark/natural/trees/greens/na_d_conifer_04d.cgf
Levels/common/dark/natural/trees/greens/na_d_conifer_05e.cgf
Levels/common/dark/natural/trees/greens/na_d_conifer_06f.cgf
Levels/common/dark/natural/trees/greens/na_d_conifer_07g.cgf
Levels/common/dark/natural/trees/greens/na_d_conifer_08h.cgf
Levels/common/dark/natural/trees/greens/na_d_cutwood_01a.cgf
Levels/common/dark/natural/trees/greens/na_d_cutwood_02b.cgf
Levels/common/dark/natural/trees/greens/na_d_cutwood_03c.cgf
Levels/common/dark/natural/trees/greens/na_d_cutwood_05e.cgf
Levels/common/dark/natural/trees/greens/na_d_cutwood_06f.cgf
Levels/common/dark/natural/trees/greens/na_d_deciduous_01a.cgf
Levels/common/dark/natural/trees/greens/na_d_fetree_01a.cgf
Levels/common/dark/natural/trees/greens/na_d_fetree_02b.cgf
Levels/common/dark/natural/trees/greens/na_d_fetree_03c.cgf
Levels/common/dark/natural/trees/greens/na_d_longtree_01a.cgf
Levels/common/dark/natural/trees/greens/na_d_longtree_03c.cgf
Levels/common/dark/natural/trees/greens/na_d_longtree_04d.cgf
Levels/common/dark/natural/trees/greens/na_D_skinnytree_01a.cgf
Levels/common/dark/natural/trees/greens/na_D_skinnytree_02b.cgf
Levels/common/dark/natural/trees/greens/na_D_skinnytree_03c.cgf
Levels/common/dark/natural/trees/greens/na_d_skinnytree_04a.cgf
Levels/common/dark/natural/trees/greens/na_d_skinnytree_05b.cgf
Levels/common/dark/natural/trees/greens/na_d_skinnytree_06c.cgf
Levels/common/dark/natural/trees/greens/na_d_stump_01a.cgf
Levels/common/dark/natural/trees/greens/na_d_tabebuia_01a.cgf
Levels/common/dark/natural/trees/greens/na_d_tabebuia_01a_a.cgf
Levels/common/dark/natural/trees/greens/na_D_tabebuia_02b_a.cgf
Levels/common/dark/natural/trees/greens/na_D_tabebuia_03c_a.cgf
Levels/common/dark/natural/trees/greens/na_D_tabebuia_04d_a.cgf
Levels/common/dark/natural/Trees/greens/na_D_tabebuia_05e_a.cgf
Levels/common/dark/natural/trees/greens/na_d_talltree_01a.cgf
Levels/common/dark/natural/trees/greens/na_d_talltree_02b.cgf
Levels/common/dark/natural/Trees/greens/na_D_vinetree_01a.cgf
Levels/common/dark/natural/Trees/greens/na_D_vinetree_02b.cgf
Levels/common/dark/natural/Trees/greens/na_D_vinetree_03c.cgf
Levels/common/dark/structures/buildings/etc/bu_d_arrivebridge_01a.cgf
Levels/common/dark/structures/buildings/etc/bu_d_crystalprizon_01a_coll.cgf
Levels/common/dark/structures/buildings/etc/bu_d_crystalprizon_02b.cgf
Levels/common/dark/structures/buildings/etc/bu_d_crystalprizon_02b_col.cgf
Levels/common/dark/structures/buildings/etc/bu_d_crystalprizon_04d.cgf
Levels/common/dark/structures/buildings/etc/bu_d_field_bosstent_01a.cgf
Levels/common/dark/structures/buildings/etc/bu_d_fieldtent_01a.cgf
Levels/common/dark/structures/buildings/etc/bu_d_fieldtent_02b.cgf
Levels/common/dark/structures/buildings/etc/bu_d_fishingbridge_01a.cgf
Levels/common/dark/structures/buildings/etc/bu_d_outpost_watchtower_01a.cgf
Levels/common/dark/structures/buildings/etc/bu_d_teleport_01a.cgf
Levels/common/dark/structures/buildings/etc/bu_d_teleport_02b.cgf
Levels/common/dark/structures/buildings/etc/bu_d_watertank_merge_01a.cgf
Levels/common/dark/structures/buildings/etc/pr_d_crystalmine_01a.cgf
Levels/common/dark/structures/buildings/etc/pr_d_crystalmine_02b.cgf
Levels/common/dark/structures/buildings/etc/pr_d_crystalmine_03c.cgf
Levels/common/dark/structures/buildings/etc/pr_d_crystalmine_04d.cgf
Levels/common/dark/structures/buildings/etc/pr_d_crystalmine_09i.cgf
Levels/common/dark/structures/buildings/etc/pr_d_crystalmine_bridge_01a.cgf
Levels/common/dark/structures/buildings/etc/pr_d_crystalmine_bridge_02b.cgf
Levels/common/dark/structures/buildings/etc/pr_d_crystalmine_bridge_03c.cgf
Levels/common/dark/structures/buildings/etc/pr_d_crystalmine_bridge_04d.cgf
Levels/common/dark/structures/buildings/etc/pr_d_crystalmine_bridge_05e.cgf
Levels/common/dark/structures/buildings/etc/pr_d_crystalmine_rock_01a.cgf
Levels/common/dark/structures/buildings/etc/pr_d_crystalmine_rock_02b.cgf
Levels/common/dark/structures/buildings/etc/pr_d_crystalmine_rock_03c.cgf
Levels/common/dark/structures/buildings/etc/pr_d_crystalmine_rock_04d.cgf
Levels/common/dark/structures/buildings/etc/pr_d_crystalmine_rock_05e.cgf
Levels/common/dark/structures/buildings/etc/pr_d_crystalmine_rock_06f.cgf
Levels/common/dark/structures/buildings/etc/pr_d_crystalmine_rock_07g.cgf
Levels/common/dark/structures/buildings/etc/pr_d_crystalmine_rock_08h.cgf
Levels/common/dark/structures/buildings/etc/pr_d_crystalminetree_02b.cgf
Levels/common/dark/structures/buildings/houses/bu_d_privatehousecrack_01a.cgf
Levels/common/dark/structures/buildings/houses/bu_d_privatehousecrackbot_01a.cgf
Levels/common/dark/structures/buildings/houses/bu_d_sanctumfieldcrack_01a.cgf
Levels/common/dark/structures/buildings/houses/bu_d_sanctumfieldcrackbot_01a.cgf
Levels/common/dark/structures/buildings/houses/bu_d_shanty_01a.cgf
Levels/common/dark/structures/buildings/ruins/bu_d_columnc_001b.cgf
Levels/common/dark/structures/buildings/ruins/bu_d_dragonaltar_02b.cgf
Levels/common/dark/structures/buildings/ruins/bu_d_footbrige_01a.cgf
Levels/common/dark/structures/buildings/ruins/bu_d_footbrige_02b.cgf
Levels/common/dark/structures/buildings/ruins/bu_d_footbrige_03c.cgf
Levels/common/dark/structures/buildings/ruins/bu_d_mountremain_door02b.cgf
Levels/common/dark/structures/buildings/ruins/bu_d_mountremainpiller_02b.cgf
Levels/common/dark/structures/buildings/ruins/bu_d_mountremainpiller_03c.cgf
Levels/common/dark/structures/buildings/ruins/bu_d_mountremainpiller_04d.cgf
Levels/common/dark/structures/buildings/ruins/bu_d_mountremainpiller_05e.cgf
Levels/common/dark/structures/buildings/ruins/bu_d_mountremainpiller_06f.cgf
Levels/common/dark/structures/buildings/ruins/bu_d_mountremainplate_01a.cgf
Levels/common/dark/structures/buildings/ruins/bu_d_mountremainplate_04d.cgf
Levels/common/dark/structures/buildings/ruins/bu_d_mountremainplate_05e.cgf
Levels/common/dark/structures/buildings/ruins/bu_d_mountremainplate_06f.cgf
Levels/common/dark/structures/buildings/ruins/bu_d_mountremainplate_07g.cgf
Levels/common/dark/structures/buildings/ruins/bu_d_outerbroken_01a.cgf
Levels/common/dark/structures/buildings/ruins/bu_d_outerbroken_02b.cgf
Levels/common/dark/structures/buildings/ruins/bu_d_outerbroken_03c.cgf
Levels/common/dark/structures/buildings/ruins/bu_d_outerbroken_04d.cgf
Levels/common/dark/structures/buildings/ruins/bu_d_outerbroken_05e.cgf
Levels/common/dark/structures/buildings/ruins/bu_d_outerbroken_06f.cgf
Levels/common/dark/structures/buildings/ruins/bu_d_outpostpole_01a.cgf
Levels/common/dark/structures/buildings/ruins/bu_d_outpostpole_01b.cgf
Levels/common/dark/structures/buildings/ruins/bu_d_prisongallow_01a.cgf
Levels/common/dark/structures/buildings/ruins/bu_d_prisongallow_02b.cgf
Levels/common/dark/structures/buildings/ruins/bu_d_ruinwaterfall_01a.cgf
Levels/common/dark/structures/buildings/ruins/bu_d_startobject_01a.cgf
Levels/common/dark/structures/buildings/ruins/bu_d_startobject_02b.cgf
Levels/common/dark/structures/buildings/ruins/bu_d_temple_of_flyingstone_02b.cgf
Levels/common/dark/structures/buildings/ruins/bu_d_tombentrance_03c.cgf
Levels/common/dark/structures/buildings/ruins/pr_d_templeruins_01a.cgf
Levels/common/dark/structures/buildings/ruins/pr_d_templeruins_03c.cgf
Levels/common/dark/structures/buildings/ruins/pr_d_templeruins_04d.cgf
Levels/common/dark/structures/props/carriages/pr_d_aircraft_etc_01a.cgf
Levels/common/dark/structures/props/carriages/pr_d_aircraft_etc_06f.cgf
Levels/common/dark/structures/props/carriages/pr_d_aircraft_etc_11k.cgf
Levels/common/dark/structures/props/carriages/pr_d_cavecart_01a.cgf
Levels/common/dark/structures/props/carriages/pr_d_darkship_01a.cgf
Levels/common/dark/structures/props/carriages/pr_d_farmcart_01a.cgf
Levels/common/dark/structures/props/carriages/pr_d_farmcart_02b.cgf
Levels/common/dark/structures/props/carriages/pr_d_farmcart_03c.cgf
Levels/common/dark/structures/props/carriages/pr_d_farmwheel_01a.cgf
Levels/common/dark/structures/props/carriages/pr_d_ferryboat_01a.cgf
Levels/common/dark/structures/props/carriages/pr_d_ferryboat_02b.cgf
Levels/common/dark/structures/props/carriages/pr_d_stretcher_01a.cgf
Levels/common/dark/structures/props/carriages/pr_d_stretcher_02b.cgf
Levels/common/dark/structures/props/carriages/pr_d_stretcher_03c.cgf
Levels/common/dark/structures/props/carriages/pr_d_wagon_01a.cgf
Levels/common/dark/structures/props/carriages/pr_d_wagon_02b.cgf
Levels/common/dark/structures/props/carriages/pr_d_wheel_01a.cgf
Levels/common/dark/structures/props/cooking/pr_d_bag_01a.cgf
Levels/common/dark/structures/props/cooking/pr_d_barrel_01a.cgf
Levels/common/dark/structures/props/cooking/pr_d_barrel_02a.cgf
Levels/common/dark/structures/props/cooking/pr_d_basket_01a.cgf
Levels/common/dark/structures/props/cooking/pr_d_box_01a.cgf
Levels/common/dark/structures/props/cooking/pr_d_box_02b.cgf
Levels/common/dark/structures/props/cooking/pr_d_box_03c.cgf
Levels/common/dark/structures/props/cooking/pr_d_box_04d.cgf
Levels/common/dark/structures/props/cooking/pr_d_box_05e.cgf
Levels/common/dark/structures/props/cooking/pr_d_box_06f.cgf
Levels/common/dark/structures/props/cooking/pr_d_bucket_01a.cgf
Levels/common/dark/structures/props/cooking/pr_d_bucket_02b.cgf
Levels/common/dark/structures/props/cooking/pr_d_cavebarrel_01a.cgf
Levels/common/dark/structures/props/cooking/pr_d_cavebarrel_02a.cgf
Levels/common/dark/structures/props/cooking/pr_d_farmbasket_04d.cgf
Levels/common/dark/structures/props/cooking/pr_d_farmbasket_06f.cgf
Levels/common/dark/structures/props/cooking/pr_d_firewoodbox_01a.cgf
Levels/common/dark/structures/props/cooking/pr_d_pot_01a.cgf
Levels/common/dark/structures/props/cooking/pr_d_vessel_01a.cgf
Levels/common/dark/structures/props/cooking/pr_d_winebarrel_01a.cgf
Levels/common/dark/structures/props/cooking/pr_d_zbox_02b.cgf
Levels/common/dark/structures/props/exterior/bu_d_ferrydoor_01a.cgf
Levels/common/dark/structures/props/exterior/pr_d_ancientstone_02b.cgf
Levels/common/dark/structures/props/exterior/pr_d_ancientstone_03c.cgf
Levels/common/dark/structures/props/exterior/pr_d_ancientstone_04d.cgf
Levels/common/dark/structures/props/exterior/pr_d_animalbone_02b.cgf
Levels/common/dark/structures/props/exterior/pr_d_animalbone_03c.cgf
Levels/common/dark/structures/props/exterior/pr_d_animalbone_09i.cgf
Levels/common/dark/structures/props/exterior/pr_d_animalbone_11k.cgf
Levels/common/dark/structures/props/exterior/pr_d_animalbone_12l.cgf
Levels/common/dark/structures/props/exterior/pr_d_animalbone_13m.cgf
Levels/common/dark/structures/props/exterior/pr_d_animalbone_14n.cgf
Levels/common/dark/structures/props/exterior/pr_d_animalbone_15o.cgf
Levels/common/dark/structures/props/exterior/pr_d_animalbone_16p.cgf
Levels/common/dark/structures/props/exterior/pr_d_animalbone_17q.cgf
Levels/common/dark/structures/props/exterior/pr_d_article_01a.cgf
Levels/common/dark/structures/props/exterior/pr_d_brockencart_01a.cgf
Levels/common/dark/structures/props/exterior/pr_d_brockencart_02b.cgf
Levels/common/dark/structures/props/exterior/pr_d_cavepot_01a.cgf
Levels/common/dark/structures/props/exterior/pr_d_cavepot_02b.cgf
Levels/common/dark/structures/props/exterior/pr_d_cavepot_03c.cgf
Levels/common/dark/structures/props/exterior/pr_d_cavepot_04d.cgf
Levels/common/dark/structures/props/exterior/pr_d_cavepot_05e.cgf
Levels/common/dark/structures/props/exterior/pr_d_cavepot_06f.cgf
Levels/common/dark/structures/props/exterior/pr_d_epicet02b.cgf
Levels/common/dark/structures/props/exterior/pr_d_epicet03c.cgf
Levels/common/dark/structures/props/exterior/pr_d_field_dryhouse_02b.cgf
Levels/common/dark/structures/props/exterior/pr_d_field_warehouse_01a.cgf
Levels/common/dark/structures/props/exterior/pr_d_fishingacc_01a.cgf
Levels/common/dark/structures/props/exterior/pr_d_fishingacc_02b.cgf
Levels/common/dark/structures/props/exterior/pr_d_fishingacc_03c.cgf
Levels/common/dark/structures/props/exterior/pr_d_grave_01a.cgf
Levels/common/dark/structures/props/exterior/pr_d_grave_02b.cgf
Levels/common/dark/structures/props/exterior/pr_d_grave_03c.cgf
Levels/common/dark/structures/props/exterior/pr_d_grave_04d.cgf
Levels/common/dark/structures/props/exterior/pr_d_grave_05e.cgf
Levels/common/dark/structures/props/exterior/pr_d_grave_06f.cgf
Levels/common/dark/structures/props/exterior/pr_d_imagestair_b_01a.cgf
Levels/common/dark/structures/props/exterior/pr_d_imagestair_b_02b.cgf
Levels/common/dark/structures/props/exterior/pr_d_orccave_fire_001a.cgf
Levels/common/dark/structures/props/exterior/pr_d_orcthing_01a.cgf
Levels/common/dark/structures/props/exterior/pr_d_orcthing_02b.cgf
Levels/common/dark/structures/props/exterior/pr_d_plate_02b.cgf
Levels/common/dark/structures/props/exterior/pr_d_stairpiece_01a.cgf
Levels/common/dark/structures/props/exterior/pr_d_stairpiece_03c.cgf
Levels/common/dark/structures/props/exterior/pr_d_stairpiece_04d.cgf
Levels/common/dark/structures/props/exterior/pr_d_stairpiece_05e.cgf
Levels/common/dark/structures/props/exterior/pr_d_stonetower_01a.cgf
Levels/common/dark/structures/props/exterior/pr_d_stonetower_02b.cgf
Levels/common/dark/structures/props/exterior/pr_d_stonetower_03c.cgf
Levels/common/dark/structures/props/exterior/pr_d_woodset_grp_01a.cgf
Levels/common/dark/structures/props/exterior/pr_d_woodset_main_01a.cgf
Levels/common/dark/structures/props/exterior/pr_d_woodset_wood01a.cgf
Levels/common/dark/structures/props/exterior/pr_d_woodset_wood01b.cgf
Levels/common/dark/structures/props/exterior/pr_d_woodset02a.cgf
Levels/common/dark/structures/props/exterior/pr_d_woodset03a.cgf
Levels/common/dark/structures/props/exterior/pr_d_woodset04a.cgf
Levels/common/dark/structures/props/exterior/pr_d_woodset05a.cgf
Levels/common/dark/structures/props/exterior/pr_d_woodset06a.cgf
Levels/common/dark/structures/props/exterior/pr_g_soilpile01_a.cgf
Levels/common/dark/structures/props/exterior/pr_g_soilpile02_a.cgf
Levels/common/dark/structures/props/exterior/pr_g_soilpile03_a.cgf
Levels/common/dark/structures/props/farm/pr_d_bucket_01a.cgf
Levels/common/dark/structures/props/farm/pr_d_farmdryer_01a.cgf
Levels/common/dark/structures/props/farm/pr_d_farmdryer_02b.cgf
Levels/common/dark/structures/props/farm/pr_d_farmfork_01a.cgf
Levels/common/dark/structures/props/farm/pr_d_farmfork_03c.cgf
Levels/common/dark/structures/props/farm/pr_d_orcpail_03a.cgf
Levels/common/dark/structures/props/farm/pr_d_rakesack_01a.cgf
Levels/common/dark/structures/props/farm/pr_d_scarecrow_01a.cgf
Levels/common/dark/structures/props/farm/pr_d_straw_01a.cgf
Levels/common/dark/structures/props/furniture/pr_d_chair_01a.cgf
Levels/common/dark/structures/props/interior/pr_d_book_01a.cgf
Levels/common/dark/structures/props/interior/pr_d_book_02b.cgf
Levels/common/dark/structures/props/interior/pr_d_farmhouse_07g.cgf
Levels/common/dark/structures/props/interior/pr_d_farmhouse_09i.cgf
Levels/common/dark/structures/props/interior/pr_d_gunnysack_02b.cgf
Levels/common/dark/structures/props/interior/pr_d_ship_treasurebox_01a.cgf
Levels/common/dark/structures/props/lightings/pr_d_bridge_light_01a.cgf
Levels/common/dark/structures/props/lightings/pr_d_bridge_light_stone_01a.cgf
Levels/common/dark/structures/props/lightings/pr_d_darklight_01a.cgf
Levels/common/dark/structures/props/lightings/pr_d_darklight_02b.cgf
Levels/common/dark/structures/props/lightings/pr_d_darklight_03c.cgf
Levels/common/dark/structures/props/lightings/pr_d_darklight_04d.cgf
Levels/common/dark/structures/props/lightings/pr_d_darklight_05e.cgf
Levels/common/dark/structures/props/lightings/pr_d_darklight_05e_stone.cgf
Levels/common/dark/structures/props/lightings/pr_d_darklight_04_1d.cgf
Levels/common/dark/structures/props/lightings/pr_d_darklight_05_1e.cgf
Levels/common/dark/structures/props/lightings/pr_d_darklight_05_1e_stone.cgf
Levels/common/dark/structures/props/lightings/pr_d_darklight_05_2e.cgf
Levels/common/dark/structures/props/lightings/pr_d_firepot_01a_condfire.cgf
Levels/common/dark/structures/props/lightings/pr_d_shanty_lamp_01a.cgf
Levels/common/dark/structures/props/lightings/pr_d_shanty_roadlamp_01a.cgf
Levels/common/dark/structures/props/lightings/pr_d_streetlight_01a.cgf
Levels/common/dark/structures/props/lightings/pr_d_streetlight_03c.cgf
Levels/common/dark/structures/props/lightings/pr_d_weatherfire_box_01a.cgf
Levels/common/dark/structures/props/lightings/pr_d_weatherfire_cylinder_01a.cgf
Levels/common/dark/structures/props/lightings/pr_d_weatherfire_semisphere_01a.cgf
Levels/common/dark/structures/props/walls/pr_d_ shanty_woodwall_01a.cgf
Levels/common/dark/structures/props/walls/pr_d_ shanty_woodwall_02b.cgf
Levels/common/dark/structures/props/walls/pr_d_ shanty_woodwall_03c.cgf
Levels/common/dark/structures/props/walls/pr_d_ shanty_woodwall_04d.cgf
Levels/common/dark/structures/props/walls/pr_d_animalcharge_03c.cgf
Levels/common/dark/structures/props/walls/pr_d_darkwall_01a.cgf
Levels/common/dark/structures/props/walls/pr_d_darkwall_02b.cgf
Levels/common/dark/structures/props/walls/pr_d_defense_001a.cgf
Levels/common/dark/structures/props/walls/pr_d_fence_01a.cgf
Levels/common/dark/structures/props/walls/pr_d_ruinbridge_03a.cgf
Levels/common/dark/structures/props/walls/pr_d_ruinbridge_03b.cgf
Levels/common/dark/structures/props/walls/pr_d_stonewall_03c.cgf
Levels/common/dark/structures/props/walls/pr_d_stonewall_04d.cgf
Levels/common/dark/structures/props/walls/pr_d_stonewall_05e.cgf
Levels/common/dark/structures/props/walls/pr_d_stonewall_06f.cgf
Levels/common/dark/structures/props/walls/pr_d_stonewall_08h.cgf
Levels/common/dark/structures/props/walls/pr_d_treehedge_01a.cgf
Levels/common/dark/structures/props/walls/pr_d_treehedge_02b.cgf
Levels/common/dark/structures/props/walls/pr_d_treehedge_03c.cgf
Levels/common/light/natural/plants/etc/na_l_crefyplants_01a.cgf
Levels/common/light/natural/plants/etc/na_l_fence_02b.cgf
Levels/common/light/natural/plants/etc/na_l_fence_04d.cgf
Levels/common/light/natural/trees/dryness/na_l_thictree_06f.cgf
Levels/common/light/natural/trees/dryness/na_l_thictree_07g.cgf
Levels/common/light/natural/trees/dryness/na_l_thictree_08h.cgf
Levels/common/light/structures/buildings/etc/bu_l_light_well_01a.cgf
Levels/common/light/structures/buildings/ruins/bu_l_desrtruins_01a.cgf
Levels/common/light/structures/buildings/ruins/bu_l_desrtruins_02b.cgf
Levels/common/light/structures/buildings/ruins/bu_l_memorablestone_01a.cgf
Levels/common/light/structures/buildings/ruins/bu_l_memorablestone_02b.cgf
Levels/common/light/structures/buildings/ruins/bu_l_memorablestone_03c.cgf
Levels/common/light/structures/buildings/ruins/bu_l_ruinmarkwall_03c.cgf
Levels/common/light/structures/buildings/ruins/bu_l_templestair_01a.cgf
Levels/common/light/structures/buildings/ruins/bu_l_templestair_02b.cgf
Levels/common/light/structures/buildings/ruins/bu_l_templestair_03c.cgf
Levels/common/light/structures/buildings/ruins/bu_l_templestair_04d.cgf
Levels/common/light/structures/buildings/ruins/bu_l_templestair_05e.cgf
Levels/common/light/structures/props/carriages/pr_l_stretcher_01a.cgf
Levels/common/light/structures/props/carriages/pr_l_stretcher_02b.cgf
Levels/common/light/structures/props/carriages/pr_l_stretcher_03c.cgf
Levels/common/light/structures/props/cooking/pr_l_barrel_02a.cgf
Levels/common/light/structures/props/cooking/pr_l_firewoodbox_01a.cgf
Levels/common/light/structures/props/exterior/pr_l_cavepot_01a.cgf
Levels/common/light/structures/props/exterior/pr_l_fishingacc_02b.cgf
Levels/common/light/structures/props/exterior/pr_l_hunterprops_01a.cgf
Levels/common/light/structures/props/exterior/pr_l_stick_01a.cgf
Levels/common/light/structures/props/furniture/pr_l_chair_02b.cgf
Levels/common/light/structures/props/handicraft/pr_l_axe_01a.cgf
Levels/common/light/structures/props/handicraft/pr_l_fitting_04d.cgf
Levels/common/light/structures/props/handicraft/pr_l_fitting_06f.cgf
Levels/common/light/structures/props/interior/pr_l_cabinet_01a.cgf
Levels/common/light/structures/props/interior/pr_l_case_01a.cgf
Levels/common/light/structures/props/interior/pr_l_chair_01a.cgf
Levels/common/light/structures/props/interior/pr_l_coinbox_01a.cgf
Levels/common/light/structures/props/interior/pr_l_coinbox_02b.cgf
Levels/common/light/structures/props/interior/pr_l_defence_wear_04d.cgf
Levels/common/light/structures/props/interior/pr_l_drawer_01a.cgf
Levels/common/light/structures/props/interior/pr_l_gunnysack_01a.cgf
Levels/common/light/structures/props/interior/pr_l_gunnysack_02b.cgf
Levels/common/light/structures/props/interior/pr_l_shelf_01a.cgf
Levels/common/light/structures/props/lightings/pr_l_fire_semisphere_01a.cgf
Levels/common/light/structures/props/lightings/pr_l_obslamp_01a.cgf
Levels/common/light/structures/props/lightings/pr_l_weatherfire_cylinder_01a.cgf
Levels/common/light/structures/props/lightings/pr_l_weatherfire_semisphere_01a.cgf
Levels/common/light/structures/props/lightings/pr_l_weatherfire_sphere_01a.cgf
Levels/common/tribe/etc/buildings/houses/bu_e_cherubimhouse_01a.cgf
Levels/common/tribe/etc/buildings/houses/bu_e_cherubimhouse_02b.cgf
Levels/common/tribe/etc/buildings/houses/bu_e_cherubimhousecrack_01a.cgf
Levels/common/tribe/etc/buildings/houses/bu_e_cherubimhousecrack_02b.cgf
Levels/common/tribe/lycan/buildings/etc/bu_ly_j_garve_in_01a.cgf
Levels/common/tribe/lycan/buildings/etc/bu_ly_lycan_storagebox_01a.cgf
Levels/common/tribe/lycan/buildings/etc/bu_ly_lycangate_01a.cgf
Levels/common/tribe/lycan/buildings/etc/bu_ly_lycangate_03c.cgf
Levels/common/tribe/lycan/props/exterior/pr_ly_lycan_wood_carving_01a.cgf
Levels/common/tribe/lycan/props/exterior/pr_ly_lycanmark_01a.cgf
Levels/common/tribe/lycan/props/exterior/pr_ly_lycanmark_02b.cgf
Levels/common/tribe/lycan/props/exterior/pr_ly_raikansg_01a.cgf
Levels/common/tribe/lycan/props/lightings/pr_ly_lycan_magiclight_01a.cgf
Levels/common/tribe/lycan/props/walls/pr_ly_lycanbridge_01a.cgf
Levels/common/tribe/orc/buildings/etc/bu_o_orcwarea_01a.cgf
Levels/common/tribe/orc/props/cooking/pr_o_orccavebottle_01.cgf
Levels/common/tribe/orc/props/cooking/pr_o_orccavebottle_02b.cgf
Levels/common/tribe/orc/props/cooking/pr_o_orccavebottle_03c.cgf
Levels/common/tribe/orc/props/cooking/pr_o_orccavebottle_04d.cgf
Levels/common/tribe/orc/props/cooking/pr_o_orccavebottle_05e.cgf
Levels/common/tribe/orc/props/cooking/pr_o_orcmeat_01a.cgf
Levels/common/tribe/orc/props/cooking/pr_o_orcmeat_02b.cgf
Levels/common/tribe/orc/props/cooking/pr_o_orcvessel_01a.cgf
Levels/common/tribe/orc/props/cooking/pr_o_orcvessel_02b.cgf
Levels/common/tribe/orc/props/exterior/pr_o_apicet_01a.cgf
Levels/common/tribe/orc/props/exterior/pr_o_apicet_02b.cgf
Levels/common/tribe/orc/props/exterior/pr_o_hucklebone_07g.cgf
Levels/common/tribe/orc/props/exterior/pr_o_hucklebone_11k.cgf
Levels/common/tribe/orc/props/exterior/pr_o_orcskull_01a.cgf
Levels/common/tribe/orc/props/handicraft/pr_o_goblinshovel_01a.cgf
Levels/common/tribe/orc/props/lightings/pr_o_orcfire_02b.cgf
Levels/common/tribe/ratman/buildings/etc/bu_ra_ratmanguard_01a.cgf
Levels/common/tribe/ratman/buildings/etc/bu_ra_ratmanguard_02b.cgf
Levels/common/tribe/ratman/buildings/etc/bu_ra_ratmanguard_04d.cgf
Levels/common/tribe/ratman/buildings/etc/bu_ra_ratmanstable_01a.cgf
Levels/common/tribe/ratman/buildings/etc/bu_ra_ratmantent_01a.cgf
Levels/common/tribe/ratman/buildings/etc/bu_ra_ratmanwell_01a.cgf
Levels/common/tribe/ratman/buildings/houses/bu_ra_mudhouse_01a.cgf
Levels/common/tribe/ratman/buildings/houses/bu_ra_mudhouse_02b.cgf
Levels/common/tribe/ratman/buildings/houses/bu_ra_ratman_m_house_01a.cgf
Levels/common/tribe/ratman/buildings/houses/bu_ra_ratman_s_house_01a.cgf
Levels/common/tribe/ratman/props/carriages/pr_ra_ratman_cart_01a.cgf
Levels/common/tribe/ratman/props/carriages/pr_ra_ratman_m_carrt_01a.cgf
Levels/common/tribe/ratman/props/cooking/pr_ra_ratman_caldron_01a.cgf
Levels/common/tribe/ratman/props/exterior/pr_ra_od_roll_01a.cgf
Levels/common/tribe/ratman/props/exterior/pr_ra_od_roll_02b.cgf
Levels/common/tribe/ratman/props/exterior/pr_ra_od_storagebox_01a.cgf
Levels/common/tribe/ratman/props/exterior/pr_ra_od_storagebox_02b.cgf
Levels/common/tribe/ratman/props/exterior/pr_ra_ratman_burner_01a.cgf
Levels/common/tribe/ratman/props/exterior/pr_ra_ratman_burner_02b.cgf
Levels/common/tribe/ratman/props/exterior/pr_ra_ratman_well_bucket_01a.cgf
Levels/common/tribe/ratman/props/exterior/pr_ra_woodcolumn_01a.cgf
Levels/common/tribe/ratman/props/exterior/pr_rm_bonecolumn_01a.cgf
Levels/common/tribe/ratman/props/handicraft/pr_ra_ratman_shovel_01a.cgf
Levels/common/tribe/ratman/props/lightings/pr_ra_odlight_01a.cgf
Levels/common/tribe/ratman/props/lightings/pr_ra_odlight_01a_stone.cgf
Levels/common/tribe/ratman/props/walls/pr_ra_fence_01a.cgf
Levels/common/tribe/ratman/props/walls/pr_ra_stonewall_01a.cgf
Levels/common/tribe/ratman/props/walls/pr_ra_stonewall_02b.cgf
Levels/common/tribe/ratman/props/walls/pr_ra_stonewall_03c.cgf
Levels/common/tribe/ratman/props/walls/pr_ra_woodwall_01a.cgf
Levels/common/tribe/ratman/props/walls/pr_ra_woodwall_02b.cgf
Objects/npc/level_object/binding_stone/dark_binding_stone_02b.cgf
Objects/npc/level_object/burner/burner_002b.cgf
Objects/npc/level_object/dragonportal/dragonportal_01a.cgf
Objects/npc/level_object/milestone_dark/milestone_dark_01a.cgf
Objects/npc/level_object/outpost_signboard/pr_l_outpost_signboard_01a.cgf
